[triage] run-id=20260510T034325Z-18425
[triage] harness=lab/harnesses/15-arraybuffer-metadata/fs-read-metadata-field-matrix.js
[triage] bin=/Users/CJ/Documents/bun_lab/bun/build/release-asan/bun-asan
[triage] timeout=30s
[triage] ASAN_OPTIONS=detect_leaks=0:abort_on_error=1:symbolize=1:allocator_may_return_null=1:quarantine_size_mb=0
---
{"caseIndex":1,"iteration":1,"sprayMode":"dataview-offset","uafSize":128,"viewSize":128,"rabMax":256,"sprayCount":8192,"writeOffset":48,"writeLength":8,"value":"0x80","payloadMode":"u64","expandMode":"none","bytesRead":8,"changedCount":1,"changed":[{"index":46,"kind":"dataview-offset","byteLength":128,"byteOffset":16,"bufferByteLength":128,"maxByteLength":128,"first":127,"last":127,"expected":{"byteLength":128,"byteOffset":16,"bufferByteLength":144,"first":127,"last":127}}]}
{"caseIndex":2,"iteration":1,"sprayMode":"dataview-offset","uafSize":128,"viewSize":128,"rabMax":256,"sprayCount":8192,"writeOffset":48,"writeLength":8,"value":"0x90","payloadMode":"u64","expandMode":"none","bytesRead":8,"changedCount":0,"changed":[]}
{"caseIndex":3,"iteration":2,"sprayMode":"dataview-offset","uafSize":128,"viewSize":128,"rabMax":256,"sprayCount":8192,"writeOffset":48,"writeLength":8,"value":"0x90","payloadMode":"u64","expandMode":"none","bytesRead":8,"changedCount":0,"changed":[]}
{"caseIndex":4,"iteration":3,"sprayMode":"dataview-offset","uafSize":128,"viewSize":128,"rabMax":256,"sprayCount":8192,"writeOffset":48,"writeLength":8,"value":"0x90","payloadMode":"u64","expandMode":"none","bytesRead":8,"changedCount":0,"changed":[]}
{"caseIndex":5,"iteration":4,"sprayMode":"dataview-offset","uafSize":128,"viewSize":128,"rabMax":256,"sprayCount":8192,"writeOffset":48,"writeLength":8,"value":"0x90","payloadMode":"u64","expandMode":"none","bytesRead":8,"changedCount":0,"changed":[]}
{"caseIndex":6,"iteration":5,"sprayMode":"dataview-offset","uafSize":128,"viewSize":128,"rabMax":256,"sprayCount":8192,"writeOffset":48,"writeLength":8,"value":"0x90","payloadMode":"u64","expandMode":"none","bytesRead":8,"changedCount":0,"changed":[]}
{"caseIndex":7,"iteration":6,"sprayMode":"dataview-offset","uafSize":128,"viewSize":128,"rabMax":256,"sprayCount":8192,"writeOffset":48,"writeLength":8,"value":"0x90","payloadMode":"u64","expandMode":"none","bytesRead":8,"changedCount":0,"changed":[]}
{"caseIndex":8,"iteration":7,"sprayMode":"dataview-offset","uafSize":128,"viewSize":128,"rabMax":256,"sprayCount":8192,"writeOffset":48,"writeLength":8,"value":"0x90","payloadMode":"u64","expandMode":"none","bytesRead":8,"changedCount":0,"changed":[]}
{"caseIndex":9,"iteration":8,"sprayMode":"dataview-offset","uafSize":128,"viewSize":128,"rabMax":256,"sprayCount":8192,"writeOffset":48,"writeLength":8,"value":"0x90","payloadMode":"u64","expandMode":"none","bytesRead":8,"changedCount":0,"changed":[]}
{"caseIndex":10,"iteration":9,"sprayMode":"dataview-offset","uafSize":128,"viewSize":128,"rabMax":256,"sprayCount":8192,"writeOffset":48,"writeLength":8,"value":"0x90","payloadMode":"u64","expandMode":"none","bytesRead":8,"changedCount":0,"changed":[]}
{"caseIndex":11,"iteration":10,"sprayMode":"dataview-offset","uafSize":128,"viewSize":128,"rabMax":256,"sprayCount":8192,"writeOffset":48,"writeLength":8,"value":"0x90","payloadMode":"u64","expandMode":"none","bytesRead":8,"changedCount":0,"changed":[]}
{"caseIndex":12,"iteration":11,"sprayMode":"dataview-offset","uafSize":128,"viewSize":128,"rabMax":256,"sprayCount":8192,"writeOffset":48,"writeLength":8,"value":"0x90","payloadMode":"u64","expandMode":"none","bytesRead":8,"changedCount":0,"changed":[]}
{"caseIndex":13,"iteration":12,"sprayMode":"dataview-offset","uafSize":128,"viewSize":128,"rabMax":256,"sprayCount":8192,"writeOffset":48,"writeLength":8,"value":"0x90","payloadMode":"u64","expandMode":"none","bytesRead":8,"changedCount":0,"changed":[]}
{"caseIndex":14,"iteration":13,"sprayMode":"dataview-offset","uafSize":128,"viewSize":128,"rabMax":256,"sprayCount":8192,"writeOffset":48,"writeLength":8,"value":"0x90","payloadMode":"u64","expandMode":"none","bytesRead":8,"changedCount":0,"changed":[]}
{"caseIndex":15,"iteration":14,"sprayMode":"dataview-offset","uafSize":128,"viewSize":128,"rabMax":256,"sprayCount":8192,"writeOffset":48,"writeLength":8,"value":"0x90","payloadMode":"u64","expandMode":"none","bytesRead":8,"changedCount":0,"changed":[]}
{"caseIndex":16,"iteration":15,"sprayMode":"dataview-offset","uafSize":128,"viewSize":128,"rabMax":256,"sprayCount":8192,"writeOffset":48,"writeLength":8,"value":"0x90","payloadMode":"u64","expandMode":"none","bytesRead":8,"changedCount":0,"changed":[]}
{"caseIndex":17,"iteration":16,"sprayMode":"dataview-offset","uafSize":128,"viewSize":128,"rabMax":256,"sprayCount":8192,"writeOffset":48,"writeLength":8,"value":"0x90","payloadMode":"u64","expandMode":"none","bytesRead":8,"changedCount":0,"changed":[]}
{"caseIndex":18,"iteration":1,"sprayMode":"dataview-offset","uafSize":128,"viewSize":128,"rabMax":256,"sprayCount":8192,"writeOffset":48,"writeLength":8,"value":"0xa0","payloadMode":"u64","expandMode":"none","bytesRead":8,"changedCount":0,"changed":[]}
{"caseIndex":19,"iteration":2,"sprayMode":"dataview-offset","uafSize":128,"viewSize":128,"rabMax":256,"sprayCount":8192,"writeOffset":48,"writeLength":8,"value":"0xa0","payloadMode":"u64","expandMode":"none","bytesRead":8,"changedCount":1,"changed":[{"index":2,"kind":"dataview-offset","byteLength":128,"byteOffset":16,"bufferByteLength":160,"maxByteLength":160,"first":115,"last":115,"expected":{"byteLength":128,"byteOffset":16,"bufferByteLength":144,"first":115,"last":115}}]}
{"caseIndex":20,"iteration":1,"sprayMode":"dataview-offset","uafSize":128,"viewSize":128,"rabMax":256,"sprayCount":8192,"writeOffset":48,"writeLength":8,"value":"0x100","payloadMode":"u64","expandMode":"none","bytesRead":8,"changedCount":1,"changed":[{"index":2,"kind":"dataview-offset","byteLength":128,"byteOffset":16,"bufferByteLength":256,"maxByteLength":256,"first":115,"last":115,"expected":{"byteLength":128,"byteOffset":16,"bufferByteLength":144,"first":115,"last":115}}]}
---
[triage] exit=86
[triage] no crash signature found (clean exit or non-sanitizer failure)
