[triage] run-id=20260510T034255Z-15311
[triage] harness=lab/harnesses/15-arraybuffer-metadata/fs-read-metadata-field-matrix.js
[triage] bin=/Users/CJ/Documents/bun_lab/bun/build/release-asan/bun-asan
[triage] timeout=30s
[triage] ASAN_OPTIONS=detect_leaks=0:abort_on_error=1:symbolize=1:allocator_may_return_null=1:quarantine_size_mb=0
---
{"caseIndex":1,"iteration":1,"sprayMode":"u8","uafSize":128,"viewSize":128,"rabMax":256,"sprayCount":8192,"writeOffset":56,"writeLength":8,"value":"0x40","payloadMode":"u64","expandMode":"none","bytesRead":8,"changedCount":0,"changed":[]}
{"caseIndex":2,"iteration":2,"sprayMode":"u8","uafSize":128,"viewSize":128,"rabMax":256,"sprayCount":8192,"writeOffset":56,"writeLength":8,"value":"0x40","payloadMode":"u64","expandMode":"none","bytesRead":8,"changedCount":0,"changed":[]}
{"caseIndex":3,"iteration":3,"sprayMode":"u8","uafSize":128,"viewSize":128,"rabMax":256,"sprayCount":8192,"writeOffset":56,"writeLength":8,"value":"0x40","payloadMode":"u64","expandMode":"none","bytesRead":8,"changedCount":0,"changed":[]}
{"caseIndex":4,"iteration":4,"sprayMode":"u8","uafSize":128,"viewSize":128,"rabMax":256,"sprayCount":8192,"writeOffset":56,"writeLength":8,"value":"0x40","payloadMode":"u64","expandMode":"none","bytesRead":8,"changedCount":0,"changed":[]}
{"caseIndex":5,"iteration":5,"sprayMode":"u8","uafSize":128,"viewSize":128,"rabMax":256,"sprayCount":8192,"writeOffset":56,"writeLength":8,"value":"0x40","payloadMode":"u64","expandMode":"none","bytesRead":8,"changedCount":0,"changed":[]}
{"caseIndex":6,"iteration":6,"sprayMode":"u8","uafSize":128,"viewSize":128,"rabMax":256,"sprayCount":8192,"writeOffset":56,"writeLength":8,"value":"0x40","payloadMode":"u64","expandMode":"none","bytesRead":8,"changedCount":0,"changed":[]}
{"caseIndex":7,"iteration":7,"sprayMode":"u8","uafSize":128,"viewSize":128,"rabMax":256,"sprayCount":8192,"writeOffset":56,"writeLength":8,"value":"0x40","payloadMode":"u64","expandMode":"none","bytesRead":8,"changedCount":0,"changed":[]}
{"caseIndex":8,"iteration":8,"sprayMode":"u8","uafSize":128,"viewSize":128,"rabMax":256,"sprayCount":8192,"writeOffset":56,"writeLength":8,"value":"0x40","payloadMode":"u64","expandMode":"none","bytesRead":8,"changedCount":0,"changed":[]}
{"caseIndex":9,"iteration":9,"sprayMode":"u8","uafSize":128,"viewSize":128,"rabMax":256,"sprayCount":8192,"writeOffset":56,"writeLength":8,"value":"0x40","payloadMode":"u64","expandMode":"none","bytesRead":8,"changedCount":0,"changed":[]}
{"caseIndex":10,"iteration":10,"sprayMode":"u8","uafSize":128,"viewSize":128,"rabMax":256,"sprayCount":8192,"writeOffset":56,"writeLength":8,"value":"0x40","payloadMode":"u64","expandMode":"none","bytesRead":8,"changedCount":0,"changed":[]}
{"caseIndex":11,"iteration":11,"sprayMode":"u8","uafSize":128,"viewSize":128,"rabMax":256,"sprayCount":8192,"writeOffset":56,"writeLength":8,"value":"0x40","payloadMode":"u64","expandMode":"none","bytesRead":8,"changedCount":0,"changed":[]}
{"caseIndex":12,"iteration":12,"sprayMode":"u8","uafSize":128,"viewSize":128,"rabMax":256,"sprayCount":8192,"writeOffset":56,"writeLength":8,"value":"0x40","payloadMode":"u64","expandMode":"none","bytesRead":8,"changedCount":0,"changed":[]}
{"caseIndex":13,"iteration":13,"sprayMode":"u8","uafSize":128,"viewSize":128,"rabMax":256,"sprayCount":8192,"writeOffset":56,"writeLength":8,"value":"0x40","payloadMode":"u64","expandMode":"none","bytesRead":8,"changedCount":0,"changed":[]}
{"caseIndex":14,"iteration":14,"sprayMode":"u8","uafSize":128,"viewSize":128,"rabMax":256,"sprayCount":8192,"writeOffset":56,"writeLength":8,"value":"0x40","payloadMode":"u64","expandMode":"none","bytesRead":8,"changedCount":0,"changed":[]}
{"caseIndex":15,"iteration":15,"sprayMode":"u8","uafSize":128,"viewSize":128,"rabMax":256,"sprayCount":8192,"writeOffset":56,"writeLength":8,"value":"0x40","payloadMode":"u64","expandMode":"none","bytesRead":8,"changedCount":0,"changed":[]}
{"caseIndex":16,"iteration":16,"sprayMode":"u8","uafSize":128,"viewSize":128,"rabMax":256,"sprayCount":8192,"writeOffset":56,"writeLength":8,"value":"0x40","payloadMode":"u64","expandMode":"none","bytesRead":8,"changedCount":0,"changed":[]}
{"caseIndex":17,"iteration":1,"sprayMode":"u8","uafSize":128,"viewSize":128,"rabMax":256,"sprayCount":8192,"writeOffset":56,"writeLength":8,"value":"0x81","payloadMode":"u64","expandMode":"none","bytesRead":8,"changedCount":0,"changed":[]}
{"caseIndex":18,"iteration":2,"sprayMode":"u8","uafSize":128,"viewSize":128,"rabMax":256,"sprayCount":8192,"writeOffset":56,"writeLength":8,"value":"0x81","payloadMode":"u64","expandMode":"none","bytesRead":8,"changedCount":0,"changed":[]}
{"caseIndex":19,"iteration":3,"sprayMode":"u8","uafSize":128,"viewSize":128,"rabMax":256,"sprayCount":8192,"writeOffset":56,"writeLength":8,"value":"0x81","payloadMode":"u64","expandMode":"none","bytesRead":8,"changedCount":0,"changed":[]}
{"caseIndex":20,"iteration":4,"sprayMode":"u8","uafSize":128,"viewSize":128,"rabMax":256,"sprayCount":8192,"writeOffset":56,"writeLength":8,"value":"0x81","payloadMode":"u64","expandMode":"none","bytesRead":8,"changedCount":0,"changed":[]}
{"caseIndex":21,"iteration":5,"sprayMode":"u8","uafSize":128,"viewSize":128,"rabMax":256,"sprayCount":8192,"writeOffset":56,"writeLength":8,"value":"0x81","payloadMode":"u64","expandMode":"none","bytesRead":8,"changedCount":0,"changed":[]}
{"caseIndex":22,"iteration":6,"sprayMode":"u8","uafSize":128,"viewSize":128,"rabMax":256,"sprayCount":8192,"writeOffset":56,"writeLength":8,"value":"0x81","payloadMode":"u64","expandMode":"none","bytesRead":8,"changedCount":0,"changed":[]}
{"caseIndex":23,"iteration":7,"sprayMode":"u8","uafSize":128,"viewSize":128,"rabMax":256,"sprayCount":8192,"writeOffset":56,"writeLength":8,"value":"0x81","payloadMode":"u64","expandMode":"none","bytesRead":8,"changedCount":0,"changed":[]}
{"caseIndex":24,"iteration":8,"sprayMode":"u8","uafSize":128,"viewSize":128,"rabMax":256,"sprayCount":8192,"writeOffset":56,"writeLength":8,"value":"0x81","payloadMode":"u64","expandMode":"none","bytesRead":8,"changedCount":0,"changed":[]}
{"caseIndex":25,"iteration":9,"sprayMode":"u8","uafSize":128,"viewSize":128,"rabMax":256,"sprayCount":8192,"writeOffset":56,"writeLength":8,"value":"0x81","payloadMode":"u64","expandMode":"none","bytesRead":8,"changedCount":0,"changed":[]}
{"caseIndex":26,"iteration":10,"sprayMode":"u8","uafSize":128,"viewSize":128,"rabMax":256,"sprayCount":8192,"writeOffset":56,"writeLength":8,"value":"0x81","payloadMode":"u64","expandMode":"none","bytesRead":8,"changedCount":0,"changed":[]}
{"caseIndex":27,"iteration":11,"sprayMode":"u8","uafSize":128,"viewSize":128,"rabMax":256,"sprayCount":8192,"writeOffset":56,"writeLength":8,"value":"0x81","payloadMode":"u64","expandMode":"none","bytesRead":8,"changedCount":0,"changed":[]}
{"caseIndex":28,"iteration":12,"sprayMode":"u8","uafSize":128,"viewSize":128,"rabMax":256,"sprayCount":8192,"writeOffset":56,"writeLength":8,"value":"0x81","payloadMode":"u64","expandMode":"none","bytesRead":8,"changedCount":0,"changed":[]}
{"caseIndex":29,"iteration":13,"sprayMode":"u8","uafSize":128,"viewSize":128,"rabMax":256,"sprayCount":8192,"writeOffset":56,"writeLength":8,"value":"0x81","payloadMode":"u64","expandMode":"none","bytesRead":8,"changedCount":0,"changed":[]}
{"caseIndex":30,"iteration":14,"sprayMode":"u8","uafSize":128,"viewSize":128,"rabMax":256,"sprayCount":8192,"writeOffset":56,"writeLength":8,"value":"0x81","payloadMode":"u64","expandMode":"none","bytesRead":8,"changedCount":0,"changed":[]}
{"caseIndex":31,"iteration":15,"sprayMode":"u8","uafSize":128,"viewSize":128,"rabMax":256,"sprayCount":8192,"writeOffset":56,"writeLength":8,"value":"0x81","payloadMode":"u64","expandMode":"none","bytesRead":8,"changedCount":0,"changed":[]}
{"caseIndex":32,"iteration":16,"sprayMode":"u8","uafSize":128,"viewSize":128,"rabMax":256,"sprayCount":8192,"writeOffset":56,"writeLength":8,"value":"0x81","payloadMode":"u64","expandMode":"none","bytesRead":8,"changedCount":0,"changed":[]}
{"caseIndex":33,"iteration":1,"sprayMode":"u8","uafSize":128,"viewSize":128,"rabMax":256,"sprayCount":8192,"writeOffset":56,"writeLength":8,"value":"0x100","payloadMode":"u64","expandMode":"none","bytesRead":8,"changedCount":0,"changed":[]}
{"caseIndex":34,"iteration":2,"sprayMode":"u8","uafSize":128,"viewSize":128,"rabMax":256,"sprayCount":8192,"writeOffset":56,"writeLength":8,"value":"0x100","payloadMode":"u64","expandMode":"none","bytesRead":8,"changedCount":0,"changed":[]}
{"caseIndex":35,"iteration":3,"sprayMode":"u8","uafSize":128,"viewSize":128,"rabMax":256,"sprayCount":8192,"writeOffset":56,"writeLength":8,"value":"0x100","payloadMode":"u64","expandMode":"none","bytesRead":8,"changedCount":0,"changed":[]}
{"caseIndex":36,"iteration":4,"sprayMode":"u8","uafSize":128,"viewSize":128,"rabMax":256,"sprayCount":8192,"writeOffset":56,"writeLength":8,"value":"0x100","payloadMode":"u64","expandMode":"none","bytesRead":8,"changedCount":0,"changed":[]}
{"caseIndex":37,"iteration":5,"sprayMode":"u8","uafSize":128,"viewSize":128,"rabMax":256,"sprayCount":8192,"writeOffset":56,"writeLength":8,"value":"0x100","payloadMode":"u64","expandMode":"none","bytesRead":8,"changedCount":0,"changed":[]}
{"caseIndex":38,"iteration":6,"sprayMode":"u8","uafSize":128,"viewSize":128,"rabMax":256,"sprayCount":8192,"writeOffset":56,"writeLength":8,"value":"0x100","payloadMode":"u64","expandMode":"none","bytesRead":8,"changedCount":0,"changed":[]}
{"caseIndex":39,"iteration":7,"sprayMode":"u8","uafSize":128,"viewSize":128,"rabMax":256,"sprayCount":8192,"writeOffset":56,"writeLength":8,"value":"0x100","payloadMode":"u64","expandMode":"none","bytesRead":8,"changedCount":0,"changed":[]}
{"caseIndex":40,"iteration":8,"sprayMode":"u8","uafSize":128,"viewSize":128,"rabMax":256,"sprayCount":8192,"writeOffset":56,"writeLength":8,"value":"0x100","payloadMode":"u64","expandMode":"none","bytesRead":8,"changedCount":0,"changed":[]}
{"caseIndex":41,"iteration":9,"sprayMode":"u8","uafSize":128,"viewSize":128,"rabMax":256,"sprayCount":8192,"writeOffset":56,"writeLength":8,"value":"0x100","payloadMode":"u64","expandMode":"none","bytesRead":8,"changedCount":0,"changed":[]}
{"caseIndex":42,"iteration":10,"sprayMode":"u8","uafSize":128,"viewSize":128,"rabMax":256,"sprayCount":8192,"writeOffset":56,"writeLength":8,"value":"0x100","payloadMode":"u64","expandMode":"none","bytesRead":8,"changedCount":0,"changed":[]}
{"caseIndex":43,"iteration":11,"sprayMode":"u8","uafSize":128,"viewSize":128,"rabMax":256,"sprayCount":8192,"writeOffset":56,"writeLength":8,"value":"0x100","payloadMode":"u64","expandMode":"none","bytesRead":8,"changedCount":0,"changed":[]}
{"caseIndex":44,"iteration":12,"sprayMode":"u8","uafSize":128,"viewSize":128,"rabMax":256,"sprayCount":8192,"writeOffset":56,"writeLength":8,"value":"0x100","payloadMode":"u64","expandMode":"none","bytesRead":8,"changedCount":0,"changed":[]}
{"caseIndex":45,"iteration":13,"sprayMode":"u8","uafSize":128,"viewSize":128,"rabMax":256,"sprayCount":8192,"writeOffset":56,"writeLength":8,"value":"0x100","payloadMode":"u64","expandMode":"none","bytesRead":8,"changedCount":0,"changed":[]}
{"caseIndex":46,"iteration":14,"sprayMode":"u8","uafSize":128,"viewSize":128,"rabMax":256,"sprayCount":8192,"writeOffset":56,"writeLength":8,"value":"0x100","payloadMode":"u64","expandMode":"none","bytesRead":8,"changedCount":0,"changed":[]}
{"caseIndex":47,"iteration":15,"sprayMode":"u8","uafSize":128,"viewSize":128,"rabMax":256,"sprayCount":8192,"writeOffset":56,"writeLength":8,"value":"0x100","payloadMode":"u64","expandMode":"none","bytesRead":8,"changedCount":0,"changed":[]}
{"caseIndex":48,"iteration":16,"sprayMode":"u8","uafSize":128,"viewSize":128,"rabMax":256,"sprayCount":8192,"writeOffset":56,"writeLength":8,"value":"0x100","payloadMode":"u64","expandMode":"none","bytesRead":8,"changedCount":0,"changed":[]}
{"caseIndex":49,"iteration":1,"sprayMode":"u8","uafSize":128,"viewSize":128,"rabMax":256,"sprayCount":8192,"writeOffset":56,"writeLength":8,"value":"0x200","payloadMode":"u64","expandMode":"none","bytesRead":8,"changedCount":0,"changed":[]}
{"caseIndex":50,"iteration":2,"sprayMode":"u8","uafSize":128,"viewSize":128,"rabMax":256,"sprayCount":8192,"writeOffset":56,"writeLength":8,"value":"0x200","payloadMode":"u64","expandMode":"none","bytesRead":8,"changedCount":0,"changed":[]}
{"caseIndex":51,"iteration":3,"sprayMode":"u8","uafSize":128,"viewSize":128,"rabMax":256,"sprayCount":8192,"writeOffset":56,"writeLength":8,"value":"0x200","payloadMode":"u64","expandMode":"none","bytesRead":8,"changedCount":0,"changed":[]}
{"caseIndex":52,"iteration":4,"sprayMode":"u8","uafSize":128,"viewSize":128,"rabMax":256,"sprayCount":8192,"writeOffset":56,"writeLength":8,"value":"0x200","payloadMode":"u64","expandMode":"none","bytesRead":8,"changedCount":0,"changed":[]}
{"caseIndex":53,"iteration":5,"sprayMode":"u8","uafSize":128,"viewSize":128,"rabMax":256,"sprayCount":8192,"writeOffset":56,"writeLength":8,"value":"0x200","payloadMode":"u64","expandMode":"none","bytesRead":8,"changedCount":0,"changed":[]}
{"caseIndex":54,"iteration":6,"sprayMode":"u8","uafSize":128,"viewSize":128,"rabMax":256,"sprayCount":8192,"writeOffset":56,"writeLength":8,"value":"0x200","payloadMode":"u64","expandMode":"none","bytesRead":8,"changedCount":0,"changed":[]}
{"caseIndex":55,"iteration":7,"sprayMode":"u8","uafSize":128,"viewSize":128,"rabMax":256,"sprayCount":8192,"writeOffset":56,"writeLength":8,"value":"0x200","payloadMode":"u64","expandMode":"none","bytesRead":8,"changedCount":0,"changed":[]}
{"caseIndex":56,"iteration":8,"sprayMode":"u8","uafSize":128,"viewSize":128,"rabMax":256,"sprayCount":8192,"writeOffset":56,"writeLength":8,"value":"0x200","payloadMode":"u64","expandMode":"none","bytesRead":8,"changedCount":0,"changed":[]}
{"caseIndex":57,"iteration":9,"sprayMode":"u8","uafSize":128,"viewSize":128,"rabMax":256,"sprayCount":8192,"writeOffset":56,"writeLength":8,"value":"0x200","payloadMode":"u64","expandMode":"none","bytesRead":8,"changedCount":0,"changed":[]}
{"caseIndex":58,"iteration":10,"sprayMode":"u8","uafSize":128,"viewSize":128,"rabMax":256,"sprayCount":8192,"writeOffset":56,"writeLength":8,"value":"0x200","payloadMode":"u64","expandMode":"none","bytesRead":8,"changedCount":0,"changed":[]}
{"caseIndex":59,"iteration":11,"sprayMode":"u8","uafSize":128,"viewSize":128,"rabMax":256,"sprayCount":8192,"writeOffset":56,"writeLength":8,"value":"0x200","payloadMode":"u64","expandMode":"none","bytesRead":8,"changedCount":0,"changed":[]}
{"caseIndex":60,"iteration":12,"sprayMode":"u8","uafSize":128,"viewSize":128,"rabMax":256,"sprayCount":8192,"writeOffset":56,"writeLength":8,"value":"0x200","payloadMode":"u64","expandMode":"none","bytesRead":8,"changedCount":0,"changed":[]}
{"caseIndex":61,"iteration":13,"sprayMode":"u8","uafSize":128,"viewSize":128,"rabMax":256,"sprayCount":8192,"writeOffset":56,"writeLength":8,"value":"0x200","payloadMode":"u64","expandMode":"none","bytesRead":8,"changedCount":0,"changed":[]}
{"caseIndex":62,"iteration":14,"sprayMode":"u8","uafSize":128,"viewSize":128,"rabMax":256,"sprayCount":8192,"writeOffset":56,"writeLength":8,"value":"0x200","payloadMode":"u64","expandMode":"none","bytesRead":8,"changedCount":0,"changed":[]}
{"caseIndex":63,"iteration":15,"sprayMode":"u8","uafSize":128,"viewSize":128,"rabMax":256,"sprayCount":8192,"writeOffset":56,"writeLength":8,"value":"0x200","payloadMode":"u64","expandMode":"none","bytesRead":8,"changedCount":0,"changed":[]}
{"caseIndex":64,"iteration":16,"sprayMode":"u8","uafSize":128,"viewSize":128,"rabMax":256,"sprayCount":8192,"writeOffset":56,"writeLength":8,"value":"0x200","payloadMode":"u64","expandMode":"none","bytesRead":8,"changedCount":0,"changed":[]}
---
[triage] exit=0
[triage] no crash signature found (clean exit or non-sanitizer failure)
