[triage] run-id=20260510T092821Z-38174
[triage] harness=lab/harnesses/13-arb-rw-probes/cell-prefix-recover-harvest.js
[triage] bin=/Users/CJ/Documents/bun_lab/bun/build/release-asan/bun-asan
[triage] timeout=240s
[triage] ASAN_OPTIONS=halt_on_error=1:abort_on_error=0:exitcode=66:detect_leaks=0:detect_stack_use_after_return=1:strict_string_checks=1:check_initialization_order=1:detect_invalid_pointer_pairs=2:fast_unwind_on_fatal=1:malloc_context_size=64:allocator_may_return_null=0:print_stats=0:symbolize=0:print_module_map=0:quarantine_size_mb=0
---
{"phase":"victim-addrof","victimAddr":"0x000060f000010468"}
{"phase":"stage1","attempt":3,"bridgeIndex":1}
{"phase":"metadata-addr","metadataAddr":"0x000060c0000421c0"}
{"phase":"stage2","attempt":0,"bridgeIndex":1}
{"phase":"original-dataptr","bytes":"40200400c0600000"}
{"phase":"pre-baseline","first":160}
{"template":"plain","targetAddr":"0x000062d0000a42c0","readError":null,"header":{"structureID":"0x00006240","indexingType":0,"m_type":34,"flags":0,"cellState":0},"cellPrefixHex":"4062000000220000000000000000000000000000000000000000000000000000"}
{"template":"withProps","targetAddr":"0x000062d0000a4440","readError":null,"header":{"structureID":"0x0000f900","indexingType":0,"m_type":34,"flags":0,"cellState":0},"cellPrefixHex":"00f90000002200000000000000000000010000000000feff020000000000feff"}
{"template":"doubleArray","targetAddr":"0x000062d0017246b0","readError":null,"header":{"structureID":"0x000069b0","indexingType":23,"m_type":46,"flags":8,"cellState":0},"cellPrefixHex":"b0690000172e080040416d01d062000010670000092e08009079400150620000"}
{"template":"objectArray","targetAddr":"0x000062d00118c6c0","readError":null,"header":{"structureID":"0x00006710","indexingType":9,"m_type":46,"flags":8,"cellState":0},"cellPrefixHex":"10670000092e080088c11a01d062000010670000092e080090f1400150620000"}
{"template":"arrayBuffer","targetAddr":"0x000062d000f1ba00","readError":null,"header":{"structureID":"0x0000a630","indexingType":0,"m_type":48,"flags":0,"cellState":0},"cellPrefixHex":"30a600000030000000000000000000004097d502c0600000f0eedbba00000000"}
{"template":"uint8Array","targetAddr":"0x000062d0016c2560","readError":null,"header":{"structureID":"0x0000b040","indexingType":0,"m_type":50,"flags":8,"cellState":0},"cellPrefixHex":"40b0000000320800000000000000000040817101d06200004000000000000000"}
{"template":"float64Array","targetAddr":"0x00006100000089c8","readError":null,"header":{"structureID":"0x0000c9c0","indexingType":0,"m_type":58,"flags":8,"cellState":0},"cellPrefixHex":"c0c90000003a0800000000000000000080817101d06200000800000000000000"}
{"template":"biguint64Array","targetAddr":"0x00006100000099c8","readError":null,"header":{"structureID":"0x0000cbf0","indexingType":0,"m_type":60,"flags":8,"cellState":0},"cellPrefixHex":"f0cb0000003c08000000000000000000c0817101d06200000800000000000000"}
{"template":"dataView","targetAddr":"0x000061100001e348","readError":null,"header":{"structureID":"0x0000f120","indexingType":0,"m_type":61,"flags":0,"cellState":0},"cellPrefixHex":"20f10000003d00000000000000000000c08d0500606000004000000000000000"}
{"template":"regexp","targetAddr":"0x000060f000016a98","readError":null,"header":{"structureID":"0x00006c50","indexingType":0,"m_type":72,"flags":8,"cellState":0},"cellPrefixHex":"506c00000048080000000000000000000847010010610000000000000000feff"}
{"template":"function","targetAddr":"0x000062d0002a1c20","readError":null,"header":{"structureID":"0x00005c20","indexingType":0,"m_type":36,"flags":14,"cellState":0},"cellPrefixHex":"205c000000240e00000000000000000000ca1600d062000080122f00d0620000"}
{
  "phase": "summary",
  "ok": true,
  "victimAddr": "0x000060f000010468",
  "metadataAddr": "0x000060c0000421c0",
  "results": [
    {
      "template": "plain",
      "targetAddr": "0x000062d0000a42c0",
      "readError": null,
      "header": {
        "structureID": "0x00006240",
        "indexingType": 0,
        "m_type": 34,
        "flags": 0,
        "cellState": 0
      },
      "cellPrefixHex": "4062000000220000000000000000000000000000000000000000000000000000"
    },
    {
      "template": "withProps",
      "targetAddr": "0x000062d0000a4440",
      "readError": null,
      "header": {
        "structureID": "0x0000f900",
        "indexingType": 0,
        "m_type": 34,
        "flags": 0,
        "cellState": 0
      },
      "cellPrefixHex": "00f90000002200000000000000000000010000000000feff020000000000feff"
    },
    {
      "template": "doubleArray",
      "targetAddr": "0x000062d0017246b0",
      "readError": null,
      "header": {
        "structureID": "0x000069b0",
        "indexingType": 23,
        "m_type": 46,
        "flags": 8,
        "cellState": 0
      },
      "cellPrefixHex": "b0690000172e080040416d01d062000010670000092e08009079400150620000"
    },
    {
      "template": "objectArray",
      "targetAddr": "0x000062d00118c6c0",
      "readError": null,
      "header": {
        "structureID": "0x00006710",
        "indexingType": 9,
        "m_type": 46,
        "flags": 8,
        "cellState": 0
      },
      "cellPrefixHex": "10670000092e080088c11a01d062000010670000092e080090f1400150620000"
    },
    {
      "template": "arrayBuffer",
      "targetAddr": "0x000062d000f1ba00",
      "readError": null,
      "header": {
        "structureID": "0x0000a630",
        "indexingType": 0,
        "m_type": 48,
        "flags": 0,
        "cellState": 0
      },
      "cellPrefixHex": "30a600000030000000000000000000004097d502c0600000f0eedbba00000000"
    },
    {
      "template": "uint8Array",
      "targetAddr": "0x000062d0016c2560",
      "readError": null,
      "header": {
        "structureID": "0x0000b040",
        "indexingType": 0,
        "m_type": 50,
        "flags": 8,
        "cellState": 0
      },
      "cellPrefixHex": "40b0000000320800000000000000000040817101d06200004000000000000000"
    },
    {
      "template": "float64Array",
      "targetAddr": "0x00006100000089c8",
      "readError": null,
      "header": {
        "structureID": "0x0000c9c0",
        "indexingType": 0,
        "m_type": 58,
        "flags": 8,
        "cellState": 0
      },
      "cellPrefixHex": "c0c90000003a0800000000000000000080817101d06200000800000000000000"
    },
    {
      "template": "biguint64Array",
      "targetAddr": "0x00006100000099c8",
      "readError": null,
      "header": {
        "structureID": "0x0000cbf0",
        "indexingType": 0,
        "m_type": 60,
        "flags": 8,
        "cellState": 0
      },
      "cellPrefixHex": "f0cb0000003c08000000000000000000c0817101d06200000800000000000000"
    },
    {
      "template": "dataView",
      "targetAddr": "0x000061100001e348",
      "readError": null,
      "header": {
        "structureID": "0x0000f120",
        "indexingType": 0,
        "m_type": 61,
        "flags": 0,
        "cellState": 0
      },
      "cellPrefixHex": "20f10000003d00000000000000000000c08d0500606000004000000000000000"
    },
    {
      "template": "regexp",
      "targetAddr": "0x000060f000016a98",
      "readError": null,
      "header": {
        "structureID": "0x00006c50",
        "indexingType": 0,
        "m_type": 72,
        "flags": 8,
        "cellState": 0
      },
      "cellPrefixHex": "506c00000048080000000000000000000847010010610000000000000000feff"
    },
    {
      "template": "function",
      "targetAddr": "0x000062d0002a1c20",
      "readError": null,
      "header": {
        "structureID": "0x00005c20",
        "indexingType": 0,
        "m_type": 36,
        "flags": 14,
        "cellState": 0
      },
      "cellPrefixHex": "205c000000240e00000000000000000000ca1600d062000080122f00d0620000"
    }
  ]
}
=================================================================
==38194==ERROR: AddressSanitizer: attempting free on address which was not malloc()-ed: 0x60f000010468 in thread T0
AddressSanitizer: CHECK failed: sanitizer_procmaps_mac.cpp:272 "((res)) == ((0))" (0xffffffffffffffff, 0x0) (tid=9250857)
[triage] process wedged post-ASan-report (macOS 26 known bug); killed
---
[triage] exit=137
[triage] DUP CRASH: e9ec1508cc27 (seen 11 times) -> /Users/CJ/Documents/bun_lab/lab/findings/crashes/e9ec1508cc27
