[triage] run-id=20260510T034548Z-29247
[triage] harness=lab/harnesses/15-arraybuffer-metadata/fs-read-metadata-field-matrix.js
[triage] bin=/Users/CJ/Documents/bun_lab/bun/build/release-asan/bun-asan
[triage] timeout=30s
[triage] ASAN_OPTIONS=detect_leaks=0:abort_on_error=1:symbolize=1:allocator_may_return_null=1:quarantine_size_mb=0
---
{"caseIndex":1,"iteration":1,"sprayMode":"rab-u8","uafSize":128,"viewSize":128,"rabMax":256,"sprayCount":8192,"writeOffset":56,"writeLength":8,"value":"0x40","payloadMode":"u64","expandMode":"none","bytesRead":8,"changedCount":0,"changed":[]}
{"caseIndex":2,"iteration":2,"sprayMode":"rab-u8","uafSize":128,"viewSize":128,"rabMax":256,"sprayCount":8192,"writeOffset":56,"writeLength":8,"value":"0x40","payloadMode":"u64","expandMode":"none","bytesRead":8,"changedCount":1,"changed":[{"index":4,"kind":"rab-u8","length":128,"byteLength":128,"byteOffset":0,"bufferByteLength":128,"maxByteLength":64,"first":133,"last":133,"expected":{"length":128,"byteLength":128,"byteOffset":0,"bufferByteLength":128,"maxByteLength":256,"first":133,"last":133}}]}
{"caseIndex":3,"iteration":1,"sprayMode":"rab-u8","uafSize":128,"viewSize":128,"rabMax":256,"sprayCount":8192,"writeOffset":56,"writeLength":8,"value":"0x80","payloadMode":"u64","expandMode":"none","bytesRead":8,"changedCount":1,"changed":[{"index":3,"kind":"rab-u8","length":128,"byteLength":128,"byteOffset":0,"bufferByteLength":128,"maxByteLength":128,"first":132,"last":132,"expected":{"length":128,"byteLength":128,"byteOffset":0,"bufferByteLength":128,"maxByteLength":256,"first":132,"last":132}}]}
{"caseIndex":4,"iteration":1,"sprayMode":"rab-u8","uafSize":128,"viewSize":128,"rabMax":256,"sprayCount":8192,"writeOffset":56,"writeLength":8,"value":"0x100","payloadMode":"u64","expandMode":"none","bytesRead":8,"changedCount":0,"changed":[]}
{"caseIndex":5,"iteration":2,"sprayMode":"rab-u8","uafSize":128,"viewSize":128,"rabMax":256,"sprayCount":8192,"writeOffset":56,"writeLength":8,"value":"0x100","payloadMode":"u64","expandMode":"none","bytesRead":8,"changedCount":0,"changed":[]}
{"caseIndex":6,"iteration":3,"sprayMode":"rab-u8","uafSize":128,"viewSize":128,"rabMax":256,"sprayCount":8192,"writeOffset":56,"writeLength":8,"value":"0x100","payloadMode":"u64","expandMode":"none","bytesRead":8,"changedCount":0,"changed":[]}
{"caseIndex":7,"iteration":4,"sprayMode":"rab-u8","uafSize":128,"viewSize":128,"rabMax":256,"sprayCount":8192,"writeOffset":56,"writeLength":8,"value":"0x100","payloadMode":"u64","expandMode":"none","bytesRead":8,"changedCount":0,"changed":[]}
{"caseIndex":8,"iteration":5,"sprayMode":"rab-u8","uafSize":128,"viewSize":128,"rabMax":256,"sprayCount":8192,"writeOffset":56,"writeLength":8,"value":"0x100","payloadMode":"u64","expandMode":"none","bytesRead":8,"changedCount":0,"changed":[]}
{"caseIndex":9,"iteration":6,"sprayMode":"rab-u8","uafSize":128,"viewSize":128,"rabMax":256,"sprayCount":8192,"writeOffset":56,"writeLength":8,"value":"0x100","payloadMode":"u64","expandMode":"none","bytesRead":8,"changedCount":0,"changed":[]}
{"caseIndex":10,"iteration":7,"sprayMode":"rab-u8","uafSize":128,"viewSize":128,"rabMax":256,"sprayCount":8192,"writeOffset":56,"writeLength":8,"value":"0x100","payloadMode":"u64","expandMode":"none","bytesRead":8,"changedCount":0,"changed":[]}
{"caseIndex":11,"iteration":8,"sprayMode":"rab-u8","uafSize":128,"viewSize":128,"rabMax":256,"sprayCount":8192,"writeOffset":56,"writeLength":8,"value":"0x100","payloadMode":"u64","expandMode":"none","bytesRead":8,"changedCount":0,"changed":[]}
{"caseIndex":12,"iteration":9,"sprayMode":"rab-u8","uafSize":128,"viewSize":128,"rabMax":256,"sprayCount":8192,"writeOffset":56,"writeLength":8,"value":"0x100","payloadMode":"u64","expandMode":"none","bytesRead":8,"changedCount":0,"changed":[]}
{"caseIndex":13,"iteration":10,"sprayMode":"rab-u8","uafSize":128,"viewSize":128,"rabMax":256,"sprayCount":8192,"writeOffset":56,"writeLength":8,"value":"0x100","payloadMode":"u64","expandMode":"none","bytesRead":8,"changedCount":0,"changed":[]}
{"caseIndex":14,"iteration":11,"sprayMode":"rab-u8","uafSize":128,"viewSize":128,"rabMax":256,"sprayCount":8192,"writeOffset":56,"writeLength":8,"value":"0x100","payloadMode":"u64","expandMode":"none","bytesRead":8,"changedCount":0,"changed":[]}
{"caseIndex":15,"iteration":12,"sprayMode":"rab-u8","uafSize":128,"viewSize":128,"rabMax":256,"sprayCount":8192,"writeOffset":56,"writeLength":8,"value":"0x100","payloadMode":"u64","expandMode":"none","bytesRead":8,"changedCount":0,"changed":[]}
{"caseIndex":16,"iteration":13,"sprayMode":"rab-u8","uafSize":128,"viewSize":128,"rabMax":256,"sprayCount":8192,"writeOffset":56,"writeLength":8,"value":"0x100","payloadMode":"u64","expandMode":"none","bytesRead":8,"changedCount":0,"changed":[]}
{"caseIndex":17,"iteration":14,"sprayMode":"rab-u8","uafSize":128,"viewSize":128,"rabMax":256,"sprayCount":8192,"writeOffset":56,"writeLength":8,"value":"0x100","payloadMode":"u64","expandMode":"none","bytesRead":8,"changedCount":0,"changed":[]}
{"caseIndex":18,"iteration":15,"sprayMode":"rab-u8","uafSize":128,"viewSize":128,"rabMax":256,"sprayCount":8192,"writeOffset":56,"writeLength":8,"value":"0x100","payloadMode":"u64","expandMode":"none","bytesRead":8,"changedCount":0,"changed":[]}
{"caseIndex":19,"iteration":16,"sprayMode":"rab-u8","uafSize":128,"viewSize":128,"rabMax":256,"sprayCount":8192,"writeOffset":56,"writeLength":8,"value":"0x100","payloadMode":"u64","expandMode":"none","bytesRead":8,"changedCount":0,"changed":[]}
{"caseIndex":20,"iteration":1,"sprayMode":"rab-u8","uafSize":128,"viewSize":128,"rabMax":256,"sprayCount":8192,"writeOffset":56,"writeLength":8,"value":"0x200","payloadMode":"u64","expandMode":"none","bytesRead":8,"changedCount":0,"changed":[]}
{"caseIndex":21,"iteration":2,"sprayMode":"rab-u8","uafSize":128,"viewSize":128,"rabMax":256,"sprayCount":8192,"writeOffset":56,"writeLength":8,"value":"0x200","payloadMode":"u64","expandMode":"none","bytesRead":8,"changedCount":0,"changed":[]}
{"caseIndex":22,"iteration":3,"sprayMode":"rab-u8","uafSize":128,"viewSize":128,"rabMax":256,"sprayCount":8192,"writeOffset":56,"writeLength":8,"value":"0x200","payloadMode":"u64","expandMode":"none","bytesRead":8,"changedCount":1,"changed":[{"index":2,"kind":"rab-u8","length":128,"byteLength":128,"byteOffset":0,"bufferByteLength":128,"maxByteLength":512,"first":131,"last":131,"expected":{"length":128,"byteLength":128,"byteOffset":0,"bufferByteLength":128,"maxByteLength":256,"first":131,"last":131}}]}
---
[triage] exit=86
[triage] no crash signature found (clean exit or non-sanitizer failure)
