[triage] run-id=20260510T101449Z-15168
[triage] harness=lab/harnesses/13-arb-rw-probes/wasm-export-code-pointer-redirect-probe.js
[triage] bin=/Users/CJ/Documents/bun_lab/bun/build/release-asan/bun-asan
[triage] timeout=240s
[triage] ASAN_OPTIONS=halt_on_error=1:abort_on_error=0:exitcode=66:detect_leaks=0:detect_stack_use_after_return=1:strict_string_checks=1:check_initialization_order=1:detect_invalid_pointer_pairs=2:fast_unwind_on_fatal=1:malloc_context_size=64:allocator_may_return_null=0:print_stats=0:symbolize=0:print_module_map=0:quarantine_size_mb=0
---
{
  "final": true,
  "harness": "wasm-export-code-pointer-redirect-probe",
  "noFfi": true,
  "nativeHelperDylib": false,
  "realTypedArrayArw": false,
  "realArwSummary": null,
  "markerImport": true,
  "markerPath": "/tmp/bun_uaf_noffi_wasm_marker_default",
  "markerBefore": false,
  "markerAfter": true,
  "commandImport": false,
  "crossModule": true,
  "fakeDescriptor": true,
  "fakeDescriptorMode": "replacement",
  "fakeDescriptorSummary": {
    "mode": "replacement",
    "bufferAddress": "0x000062d000f48180",
    "metadataAddress": "0x000060c00001b100",
    "dataAddress": "0x0000602000117510",
    "originalDescriptorPointer": "0x00006020001986b8",
    "originalDescriptorWord": "0x000000011ba3c640",
    "originalDescriptorWordClass": "low-code-or-image",
    "replacementDescriptorPointer": "0x0000602000198858",
    "replacementDescriptorWord": "0x000000011ba80180",
    "replacementDescriptorWordClass": "low-code-or-image",
    "shellcodeData": null,
    "fakeDescriptorWord": "0x000000011ba80180",
    "fakeDescriptorWordClass": "low-code-or-image"
  },
  "wasmExecField": 24,
  "wasmCodeField": 24,
  "patchScope": "cell",
  "patchField": 48,
  "extraCellFields": [
    40
  ],
  "extraPatches": [
    {
      "offset": 40,
      "address": "0x0000611000003930",
      "originalValue": "0x000061500002fe08",
      "originalClass": "asan-heap",
      "replacementValue": "0x0000616000002808",
      "replacementClass": "asan-heap"
    }
  ],
  "patchTarget": "function-cell",
  "patchAddress": "0x0000611000003938",
  "originalPatchValue": "0x00006020001986b8",
  "originalPatchClass": "asan-heap",
  "replacementPatchValue": "0x0000602000198858",
  "replacementPatchClass": "asan-heap",
  "effectiveReplacementPatchValue": "0x0000602000117510",
  "effectiveReplacementPatchClass": "asan-heap",
  "warmIterations": 10000,
  "victimAddress": "0x000060f000010558",
  "wrapperAddress": "0x000060c000047800",
  "originalDataPtr": "0x000060c000003280",
  "beforeA": 42,
  "beforeB": 7,
  "infoA": {
    "label": "a",
    "functionAddress": "0x0000611000003908",
    "execAddress": "0x000062d000360400",
    "execClass": "asan-heap",
    "codeAddress": "0x000000011ba68270",
    "codeClass": "low-code-or-image",
    "cellWords": [
      {
        "offset": 0,
        "value": "0x000e24000000f820",
        "class": null
      },
      {
        "offset": 8,
        "value": "0x000062d0002dc648",
        "class": "asan-heap"
      },
      {
        "offset": 16,
        "value": "0x000062500000a188",
        "class": "asan-heap"
      },
      {
        "offset": 24,
        "value": "0x000062d000360400",
        "class": "asan-heap"
      },
      {
        "offset": 32,
        "value": "0x000061100003c003",
        "class": null
      },
      {
        "offset": 40,
        "value": "0x000061500002fe08",
        "class": "asan-heap"
      },
      {
        "offset": 48,
        "value": "0x00006020001986b8",
        "class": "asan-heap"
      },
      {
        "offset": 56,
        "value": "0x000060f000006c10",
        "class": "asan-heap"
      }
    ],
    "execWords": [
      {
        "offset": 0,
        "value": "0x00000a0000004560",
        "class": null
      },
      {
        "offset": 8,
        "value": "0x0000604000033890",
        "class": "asan-heap"
      },
      {
        "offset": 16,
        "value": "0x000060400002f910",
        "class": "asan-heap"
      },
      {
        "offset": 24,
        "value": "0x000000011ba68270",
        "class": "low-code-or-image"
      },
      {
        "offset": 32,
        "value": "0x000000011ba480e0",
        "class": "low-code-or-image"
      },
      {
        "offset": 40,
        "value": "0x0000000109f3d294",
        "class": null
      },
      {
        "offset": 48,
        "value": "0x00000001090034b4",
        "class": null
      },
      {
        "offset": 56,
        "value": "0x00000000badbeef0",
        "class": null
      }
    ]
  },
  "infoB": {
    "label": "b",
    "functionAddress": "0x00006110000050c8",
    "execAddress": "0x000062d000360450",
    "execClass": "asan-heap",
    "codeAddress": "0x000000011ba68270",
    "codeClass": "low-code-or-image",
    "cellWords": [
      {
        "offset": 0,
        "value": "0x000e24000000f820",
        "class": null
      },
      {
        "offset": 8,
        "value": "0x000062d0002dc6a8",
        "class": "asan-heap"
      },
      {
        "offset": 16,
        "value": "0x000062500000a188",
        "class": "asan-heap"
      },
      {
        "offset": 24,
        "value": "0x000062d000360450",
        "class": "asan-heap"
      },
      {
        "offset": 32,
        "value": "0x0000611000046003",
        "class": null
      },
      {
        "offset": 40,
        "value": "0x0000616000002808",
        "class": "asan-heap"
      },
      {
        "offset": 48,
        "value": "0x0000602000198858",
        "class": "asan-heap"
      },
      {
        "offset": 56,
        "value": "0x000060f000006c10",
        "class": "asan-heap"
      }
    ],
    "execWords": [
      {
        "offset": 0,
        "value": "0x00000a0000004560",
        "class": null
      },
      {
        "offset": 8,
        "value": "0x0000604000033890",
        "class": "asan-heap"
      },
      {
        "offset": 16,
        "value": "0x000060400002f910",
        "class": "asan-heap"
      },
      {
        "offset": 24,
        "value": "0x000000011ba68270",
        "class": "low-code-or-image"
      },
      {
        "offset": 32,
        "value": "0x000000011ba480e0",
        "class": "low-code-or-image"
      },
      {
        "offset": 40,
        "value": "0x0000000109f3d294",
        "class": null
      },
      {
        "offset": 48,
        "value": "0x00000001090034b4",
        "class": null
      },
      {
        "offset": 56,
        "value": "0x00000000badbeef0",
        "class": null
      }
    ]
  },
  "patchedA": 7,
  "restoredA": 42,
  "rereadAExecWords": [
    {
      "offset": 0,
      "value": "0x00000a0000004560",
      "class": null
    },
    {
      "offset": 8,
      "value": "0x0000604000033890",
      "class": "asan-heap"
    },
    {
      "offset": 16,
      "value": "0x000060400002f910",
      "class": "asan-heap"
    },
    {
      "offset": 24,
      "value": "0x000000011ba68270",
      "class": "low-code-or-image"
    },
    {
      "offset": 32,
      "value": "0x000000011ba480e0",
      "class": "low-code-or-image"
    },
    {
      "offset": 40,
      "value": "0x0000000109f3d294",
      "class": null
    },
    {
      "offset": 48,
      "value": "0x00000001090034b4",
      "class": null
    },
    {
      "offset": 56,
      "value": "0x00000000badbeef0",
      "class": null
    }
  ],
  "conclusion": "patching export a metadata with export b's matching field makes a() reach the marker wasm export path and create the marker file, then restores to 42",
  "ok": true
}
---
[triage] exit=86
[triage] no crash signature found (clean exit or non-sanitizer failure)
