[triage] run-id=20260510T134457Z-90384
[triage] harness=lab/harnesses/13-arb-rw-probes/wasm-descriptor-system-i64-probe.js
[triage] bin=/Users/CJ/Documents/bun_lab/bun/build/release-asan/bun-asan
[triage] timeout=180s
[triage] ASAN_OPTIONS=halt_on_error=1:abort_on_error=0:exitcode=66:detect_leaks=0:detect_stack_use_after_return=1:strict_string_checks=1:check_initialization_order=1:detect_invalid_pointer_pairs=2:fast_unwind_on_fatal=1:malloc_context_size=64:allocator_may_return_null=0:print_stats=0:symbolize=0:print_module_map=0:quarantine_size_mb=0
---
{
  "final": true,
  "harness": "wasm-descriptor-system-i64-probe",
  "noFfi": false,
  "ffiUse": "dlsym/ptr address oracle only",
  "nativeHelperDylib": false,
  "realTypedArrayArw": false,
  "realArwSummary": null,
  "dlsymOracle": true,
  "systemPointer": "0x000000018a3f6368",
  "systemCommandPointer": "0x000062d000340250",
  "systemCommandPointerBytes": "7072696e7466202764657363726970746f722d73797374656d2d737563636573",
  "abiCallbackPointer": "0x0000000000000000",
  "callbackReturnValue": 31337,
  "callbackCalls": [],
  "callbackSawWasmArg": false,
  "systemCommand": "printf 'descriptor-system-success:%s\\n' \"90384\" > /tmp/bun_uaf_descriptor_system_probe",
  "systemProbePath": "/tmp/bun_uaf_descriptor_system_probe",
  "systemProbeAfter": true,
  "systemProbeText": "descriptor-system-success:90384\n",
  "wasmArgValue": "0x000062d000340250",
  "expectedBeforeA": 42,
  "expectedBeforeB": 7,
  "markerImport": false,
  "commandImport": false,
  "crossModule": true,
  "fakeDescriptor": true,
  "fakeDescriptorMode": "system",
  "fakeDescriptorSummary": {
    "mode": "system",
    "bufferAddress": "0x000062d000f5c180",
    "metadataAddress": "0x000060c000039640",
    "dataAddress": "0x0000602000199550",
    "originalDescriptorPointer": "0x0000602000199058",
    "originalDescriptorWord": "0x000000011a070000",
    "originalDescriptorWordClass": "low-code-or-image",
    "replacementDescriptorPointer": "0x0000602000199138",
    "replacementDescriptorWord": "0x000000011a014380",
    "replacementDescriptorWordClass": "low-code-or-image",
    "shellcodeData": null,
    "fakeDescriptorWord": "0x000000018a3f6368",
    "fakeDescriptorWordClass": "low-code-or-image"
  },
  "wasmExecField": 24,
  "wasmCodeField": 24,
  "patchScope": "cell",
  "patchField": 48,
  "extraCellFields": [],
  "extraPatches": [],
  "patchTarget": "function-cell",
  "patchAddress": "0x0000611000003938",
  "originalPatchValue": "0x0000602000199058",
  "originalPatchClass": "asan-heap",
  "replacementPatchValue": "0x0000602000199138",
  "replacementPatchClass": "asan-heap",
  "effectiveReplacementPatchValue": "0x0000602000199550",
  "effectiveReplacementPatchClass": "asan-heap",
  "warmIterations": 10000,
  "victimAddress": "0x000060f000011098",
  "wrapperAddress": "0x000060c000043300",
  "originalDataPtr": "0x000060c000042040",
  "beforeA": 42,
  "beforeB": 7,
  "infoA": {
    "label": "a",
    "functionAddress": "0x0000611000003908",
    "execAddress": "0x000062d0002fce00",
    "execClass": "asan-heap",
    "codeAddress": "0x000000011a00c270",
    "codeClass": "low-code-or-image",
    "cellWords": [
      {
        "offset": 0,
        "value": "0x000e24000000f660",
        "class": null
      },
      {
        "offset": 8,
        "value": "0x000062d0002f0a68",
        "class": "asan-heap"
      },
      {
        "offset": 16,
        "value": "0x000062500000a188",
        "class": "asan-heap"
      },
      {
        "offset": 24,
        "value": "0x000062d0002fce00",
        "class": "asan-heap"
      },
      {
        "offset": 32,
        "value": "0x000061100002e043",
        "class": null
      },
      {
        "offset": 40,
        "value": "0x0000615000045488",
        "class": "asan-heap"
      },
      {
        "offset": 48,
        "value": "0x0000602000199058",
        "class": "asan-heap"
      },
      {
        "offset": 56,
        "value": "0x000060f00000f7c0",
        "class": "asan-heap"
      }
    ],
    "execWords": [
      {
        "offset": 0,
        "value": "0x00000a0000004560",
        "class": null
      },
      {
        "offset": 8,
        "value": "0x0000604000031510",
        "class": "asan-heap"
      },
      {
        "offset": 16,
        "value": "0x0000604000031050",
        "class": "asan-heap"
      },
      {
        "offset": 24,
        "value": "0x000000011a00c270",
        "class": "low-code-or-image"
      },
      {
        "offset": 32,
        "value": "0x0000000119fec0e0",
        "class": "low-code-or-image"
      },
      {
        "offset": 40,
        "value": "0x0000000108509294",
        "class": null
      },
      {
        "offset": 48,
        "value": "0x00000001075cf4b4",
        "class": null
      },
      {
        "offset": 56,
        "value": "0x00000000badbeef0",
        "class": null
      }
    ]
  },
  "infoB": {
    "label": "b",
    "functionAddress": "0x0000611000004bc8",
    "execAddress": "0x000062d0002fce50",
    "execClass": "asan-heap",
    "codeAddress": "0x000000011a00c270",
    "codeClass": "low-code-or-image",
    "cellWords": [
      {
        "offset": 0,
        "value": "0x000e24000000f660",
        "class": null
      },
      {
        "offset": 8,
        "value": "0x000062d0002f0aa8",
        "class": "asan-heap"
      },
      {
        "offset": 16,
        "value": "0x000062500000a188",
        "class": "asan-heap"
      },
      {
        "offset": 24,
        "value": "0x000062d0002fce50",
        "class": "asan-heap"
      },
      {
        "offset": 32,
        "value": "0x000061100003c003",
        "class": null
      },
      {
        "offset": 40,
        "value": "0x000061500002fe08",
        "class": "asan-heap"
      },
      {
        "offset": 48,
        "value": "0x0000602000199138",
        "class": "asan-heap"
      },
      {
        "offset": 56,
        "value": "0x000060f00000f7c0",
        "class": "asan-heap"
      }
    ],
    "execWords": [
      {
        "offset": 0,
        "value": "0x00000a0000004560",
        "class": null
      },
      {
        "offset": 8,
        "value": "0x0000604000031510",
        "class": "asan-heap"
      },
      {
        "offset": 16,
        "value": "0x0000604000031050",
        "class": "asan-heap"
      },
      {
        "offset": 24,
        "value": "0x000000011a00c270",
        "class": "low-code-or-image"
      },
      {
        "offset": 32,
        "value": "0x0000000119fec0e0",
        "class": "low-code-or-image"
      },
      {
        "offset": 40,
        "value": "0x0000000108509294",
        "class": null
      },
      {
        "offset": 48,
        "value": "0x00000001075cf4b4",
        "class": null
      },
      {
        "offset": 56,
        "value": "0x00000000badbeef0",
        "class": null
      }
    ]
  },
  "patchedA": 0,
  "restoredA": 42,
  "rereadAExecWords": [
    {
      "offset": 0,
      "value": "0x00000a0000004560",
      "class": null
    },
    {
      "offset": 8,
      "value": "0x0000604000031510",
      "class": "asan-heap"
    },
    {
      "offset": 16,
      "value": "0x0000604000031050",
      "class": "asan-heap"
    },
    {
      "offset": 24,
      "value": "0x000000011a00c270",
      "class": "low-code-or-image"
    },
    {
      "offset": 32,
      "value": "0x0000000119fec0e0",
      "class": "low-code-or-image"
    },
    {
      "offset": 40,
      "value": "0x0000000108509294",
      "class": null
    },
    {
      "offset": 48,
      "value": "0x00000001075cf4b4",
      "class": null
    },
    {
      "offset": 56,
      "value": "0x00000000badbeef0",
      "class": null
    }
  ],
  "conclusion": "patching export a metadata with export b's matching field changes a(controlled_i32) to the replacement result, then restore",
  "ok": true
}
---
[triage] exit=86
[triage] no crash signature found (clean exit or non-sanitizer failure)
